[debug] [2026-01-27T15:33:55.993Z] ----------------------------------------------------------------------
[debug] [2026-01-27T15:33:55.996Z] Command:       C:\Program Files\nodejs\node.exe C:\Users\mmari\AppData\Roaming\npm\node_modules\firebase-tools\lib\bin\firebase.js use --add
[debug] [2026-01-27T15:33:55.996Z] CLI Version:   15.4.0
[debug] [2026-01-27T15:33:55.996Z] Platform:      win32
[debug] [2026-01-27T15:33:55.996Z] Node Version:  v25.0.0
[debug] [2026-01-27T15:33:55.996Z] Time:          Tue Jan 27 2026 10:33:55 GMT-0500 (Eastern Standard Time)
[debug] [2026-01-27T15:33:55.996Z] ----------------------------------------------------------------------
[debug] 
[debug] [2026-01-27T15:33:56.154Z] > command requires scopes: ["email","openid","https://www.googleapis.com/auth/cloudplatformprojects.readonly","https://www.googleapis.com/auth/firebase","https://www.googleapis.com/auth/cloud-platform"]
[debug] [2026-01-27T15:33:56.155Z] > authorizing via signed-in user (mmariani1979@gmail.com)
[debug] [2026-01-27T15:33:56.156Z] Checked if tokens are valid: true, expires at: 1769531243169
[debug] [2026-01-27T15:33:56.156Z] Checked if tokens are valid: true, expires at: 1769531243169
[debug] [2026-01-27T15:33:56.157Z] >>> [apiv2][query] GET https://firebase.googleapis.com/v1beta1/projects pageSize=1000
[debug] [2026-01-27T15:33:56.557Z] <<< [apiv2][status] GET https://firebase.googleapis.com/v1beta1/projects 200
[debug] [2026-01-27T15:33:56.558Z] <<< [apiv2][body] GET https://firebase.googleapis.com/v1beta1/projects [omitted]
[debug] [2026-01-27T15:33:56.562Z] ValidationError: [select prompt] No selectable choices. All choices are disabled.
    at C:\Users\mmari\AppData\Roaming\npm\node_modules\firebase-tools\node_modules\@inquirer\select\dist\commonjs\index.js:67:19
    at C:\Users\mmari\AppData\Roaming\npm\node_modules\firebase-tools\node_modules\@inquirer\core\dist\commonjs\lib\use-memo.js:11:27
    at withPointer (C:\Users\mmari\AppData\Roaming\npm\node_modules\firebase-tools\node_modules\@inquirer\core\dist\commonjs\lib\hook-engine.js:79:25)
    at useMemo (C:\Users\mmari\AppData\Roaming\npm\node_modules\firebase-tools\node_modules\@inquirer\core\dist\commonjs\lib\use-memo.js:6:45)
    at C:\Users\mmari\AppData\Roaming\npm\node_modules\firebase-tools\node_modules\@inquirer\select\dist\commonjs\index.js:63:39
    at C:\Users\mmari\AppData\Roaming\npm\node_modules\firebase-tools\node_modules\@inquirer\core\dist\commonjs\lib\create-prompt.js:120:38
    at store.handleChange (C:\Users\mmari\AppData\Roaming\npm\node_modules\firebase-tools\node_modules\@inquirer\core\dist\commonjs\lib\hook-engine.js:31:17)
    at cycle (C:\Users\mmari\AppData\Roaming\npm\node_modules\firebase-tools\node_modules\@inquirer\core\dist\commonjs\lib\hook-engine.js:33:19)
    at C:\Users\mmari\AppData\Roaming\npm\node_modules\firebase-tools\node_modules\@inquirer\core\dist\commonjs\lib\create-prompt.js:118:13
    at C:\Users\mmari\AppData\Roaming\npm\node_modules\firebase-tools\node_modules\@inquirer\core\dist\commonjs\lib\hook-engine.js:35:16
[error] 
[error] Error: An unexpected error has occurred.
